model hf-tiny-v2/tiny-random-Qwen3_5ForConditionalGeneration | 900 train / 100 val pages | AdamW lr 1e-3, batch 1, plain CE, max 300 tokens
step    0  val 12.4114
step   10  train 12.2529  (31s)
step   20  train 12.1334  (39s)
step   30  train 11.4035  (48s)
step   40  train 11.7215  (56s)
step   50  train 10.5091  (62s)
step   60  train 10.2713  (68s)
step   70  train 10.5260  (78s)
step   80  train 10.4067  (85s)
step   90  train 8.6734  (92s)
step  100  train 9.6805  (102s)
step  100  val 8.5311
step  110  train 7.3020  (134s)
step  120  train 7.9182  (140s)
step  130  train 6.3723  (146s)
step  140  train 8.2271  (155s)
step  150  train 8.7986  (161s)
step  160  train 6.0634  (170s)
step  170  train 6.8079  (176s)
step  180  train 6.7156  (184s)
step  190  train 6.6220  (190s)
step  200  train 8.8424  (197s)
step  200  val 6.6064
step  210  train 9.0272  (229s)
step  220  train 7.1844  (235s)
step  230  train 6.7359  (242s)
step  240  train 5.8156  (248s)
step  250  train 6.2319  (254s)
step  260  train 6.0309  (262s)
step  270  train 5.1155  (268s)
step  280  train 5.7690  (275s)
step  290  train 7.8891  (281s)
step  300  train 6.5014  (288s)
step  300  val 6.2356
step  310  train 5.3428  (319s)
step  320  train 5.8154  (327s)
step  330  train 7.7972  (335s)
step  340  train 5.5883  (344s)
step  350  train 7.0146  (351s)
step  360  train 7.4538  (358s)
step  370  train 6.7390  (363s)
step  380  train 7.8965  (372s)
step  390  train 6.1348  (378s)
step  400  train 5.8163  (385s)
step  400  val 5.8954
step  410  train 5.7663  (414s)
step  420  train 3.4867  (421s)
step  430  train 8.0109  (427s)
step  440  train 3.0104  (434s)
step  450  train 6.7421  (440s)
step  460  train 3.4286  (448s)
step  470  train 5.6182  (455s)
step  480  train 5.1356  (462s)
step  490  train 4.0571  (468s)
step  500  train 4.5429  (474s)
step  500  val 5.6050
step  510  train 2.9919  (502s)
step  520  train 4.6799  (510s)
step  530  train 6.2351  (516s)
step  540  train 7.8511  (523s)
step  550  train 5.4756  (529s)
step  560  train 2.6541  (535s)
step  570  train 4.3800  (543s)
step  580  train 5.4196  (549s)
step  590  train 6.3601  (556s)
step  600  train 8.4608  (562s)
step  600  val 5.3686
step  610  train 4.1065  (591s)
step  620  train 7.8200  (598s)
step  630  train 5.2112  (605s)
step  640  train 3.0565  (611s)
step  650  train 7.0709  (618s)
step  660  train 6.2363  (624s)
step  670  train 5.4710  (632s)
step  680  train 4.8843  (639s)
step  690  train 4.3883  (645s)
step  700  train 4.8469  (651s)
step  700  val 5.1992
step  710  train 3.8492  (680s)
step  720  train 4.5395  (687s)
step  730  train 5.0577  (693s)
step  740  train 2.8734  (699s)
step  750  train 7.8449  (705s)
step  760  train 5.2542  (712s)
step  770  train 4.7174  (719s)
step  780  train 5.7478  (725s)
step  790  train 3.5839  (732s)
step  800  train 6.4586  (738s)
step  800  val 5.0776
step  810  train 3.0900  (766s)
step  820  train 4.8323  (773s)
step  830  train 3.5740  (780s)
step  840  train 3.0019  (787s)
step  850  train 1.4535  (793s)
step  860  train 4.7658  (801s)
step  870  train 3.0508  (807s)
step  880  train 4.7777  (814s)
step  890  train 7.4179  (821s)
step  900  train 4.4256  (828s)
step  900  val 4.9866
done in 851s | trained on 900 pages, skipped 0 over 300 tokens | val 12.4114 -> 4.9866
