model hf-tiny-v2/tiny-random-Qwen3_5ForConditionalGeneration | 900 train / 100 val pages | 3 epoch(s) | AdamW lr 1e-3, batch 1, plain CE, max 300 tokens
step    0  val 12.4114
step   10  train 12.2529  (13s)
step   20  train 12.1334  (16s)
step   30  train 11.4035  (19s)
step   40  train 11.7216  (21s)
step   50  train 10.5091  (24s)
step   60  train 10.2713  (27s)
step   70  train 10.5260  (30s)
step   80  train 10.4067  (32s)
step   90  train 8.6734  (35s)
step  100  train 9.6805  (38s)
step  100  val 8.5311
step  110  train 7.3020  (51s)
step  120  train 7.9182  (54s)
step  130  train 6.3723  (56s)
step  140  train 8.2271  (59s)
step  150  train 8.7986  (62s)
step  160  train 6.0634  (64s)
step  170  train 6.8079  (67s)
step  180  train 6.7156  (70s)
step  190  train 6.6220  (73s)
step  200  train 8.8422  (76s)
step  200  val 6.6072
step  210  train 9.0268  (88s)
step  220  train 7.1833  (91s)
step  230  train 6.7369  (94s)
step  240  train 5.8142  (96s)
step  250  train 6.2363  (99s)
step  260  train 6.0472  (102s)
step  270  train 5.1206  (105s)
step  280  train 5.7886  (107s)
step  290  train 7.8929  (110s)
step  300  train 6.5043  (113s)
step  300  val 6.2491
step  310  train 5.3649  (126s)
step  320  train 5.8235  (128s)
step  330  train 7.8040  (131s)
step  340  train 5.5948  (134s)
step  350  train 7.0244  (137s)
step  360  train 7.4536  (140s)
step  370  train 6.7558  (143s)
step  380  train 7.8991  (146s)
step  390  train 6.1394  (149s)
step  400  train 5.8221  (151s)
step  400  val 5.8982
step  410  train 5.7752  (164s)
step  420  train 3.5326  (167s)
step  430  train 8.0320  (170s)
step  440  train 3.0238  (173s)
step  450  train 6.7477  (176s)
step  460  train 3.4350  (178s)
step  470  train 5.6178  (181s)
step  480  train 5.1247  (184s)
step  490  train 4.0847  (187s)
step  500  train 4.5852  (190s)
step  500  val 5.6113
step  510  train 3.0409  (203s)
step  520  train 4.6820  (205s)
step  530  train 6.2557  (208s)
step  540  train 7.8215  (211s)
step  550  train 5.4660  (214s)
step  560  train 2.6503  (217s)
step  570  train 4.4275  (220s)
step  580  train 5.3820  (223s)
step  590  train 6.3310  (225s)
step  600  train 8.4005  (228s)
step  600  val 5.3642
step  610  train 4.0834  (241s)
step  620  train 7.7511  (244s)
step  630  train 5.2230  (247s)
step  640  train 3.0729  (250s)
step  650  train 7.0632  (253s)
step  660  train 6.2277  (256s)
step  670  train 5.4718  (258s)
step  680  train 4.8675  (261s)
step  690  train 4.3881  (264s)
step  700  train 4.8489  (267s)
step  700  val 5.2008
step  710  train 3.8237  (280s)
step  720  train 4.5362  (283s)
step  730  train 5.0364  (285s)
step  740  train 2.8651  (288s)
step  750  train 7.8469  (291s)
step  760  train 5.2385  (294s)
step  770  train 4.7258  (296s)
step  780  train 5.7403  (299s)
step  790  train 3.5803  (302s)
step  800  train 6.4487  (305s)
step  800  val 5.0713
step  810  train 3.0666  (318s)
step  820  train 4.8886  (321s)
step  830  train 3.5533  (324s)
step  840  train 3.0118  (326s)
step  850  train 1.4606  (329s)
step  860  train 4.7388  (332s)
step  870  train 3.0526  (335s)
step  880  train 4.7681  (338s)
step  890  train 7.3865  (340s)
step  900  train 4.3644  (343s)
step  900  val 4.9736
step  910  train 7.4784  (356s)
step  920  train 3.5525  (359s)
step  930  train 6.5342  (362s)
step  940  train 2.4571  (365s)
step  950  train 3.3926  (368s)
step  960  train 3.1501  (371s)
step  970  train 4.4300  (374s)
step  980  train 3.4749  (377s)
step  990  train 6.5774  (380s)
step 1000  train 7.1732  (383s)
step 1000  val 4.8928
step 1010  train 7.5661  (396s)
step 1020  train 4.2946  (399s)
step 1030  train 6.2703  (402s)
step 1040  train 4.9506  (405s)
step 1050  train 6.2444  (407s)
step 1060  train 3.3308  (410s)
step 1070  train 1.1551  (413s)
step 1080  train 6.7496  (416s)
step 1090  train 2.8730  (419s)
step 1100  train 2.7012  (421s)
step 1100  val 4.7868
step 1110  train 4.5123  (434s)
step 1120  train 5.3787  (437s)
step 1130  train 1.3042  (440s)
step 1140  train 2.5331  (443s)
step 1150  train 5.9720  (446s)
step 1160  train 7.1709  (449s)
step 1170  train 6.3872  (452s)
step 1180  train 1.7142  (455s)
step 1190  train 5.7851  (457s)
step 1200  train 3.5404  (460s)
step 1200  val 4.7294
step 1210  train 2.9750  (473s)
step 1220  train 5.4497  (476s)
step 1230  train 3.6818  (478s)
step 1240  train 4.3929  (481s)
step 1250  train 4.9766  (484s)
step 1260  train 4.4684  (486s)
step 1270  train 3.6681  (489s)
step 1280  train 3.5111  (492s)
step 1290  train 6.1468  (495s)
step 1300  train 2.8935  (498s)
step 1300  val 4.6090
step 1310  train 2.7097  (510s)
step 1320  train 4.1229  (513s)
step 1330  train 6.3073  (516s)
step 1340  train 7.6243  (519s)
step 1350  train 2.9726  (522s)
step 1360  train 5.3162  (525s)
step 1370  train 6.1817  (528s)
step 1380  train 5.7215  (530s)
step 1390  train 0.8887  (533s)
step 1400  train 3.1284  (536s)
step 1400  val 4.5463
step 1410  train 3.5599  (548s)
step 1420  train 4.3395  (551s)
step 1430  train 4.5073  (554s)
step 1440  train 5.5568  (557s)
step 1450  train 1.6198  (559s)
step 1460  train 4.1462  (562s)
step 1470  train 6.3178  (565s)
step 1480  train 5.2916  (568s)
step 1490  train 7.5466  (571s)
step 1500  train 5.6341  (574s)
step 1500  val 4.4509
step 1510  train 6.8815  (587s)
step 1520  train 0.9443  (590s)
step 1530  train 1.9715  (592s)
step 1540  train 6.1695  (595s)
step 1550  train 3.6354  (598s)
step 1560  train 3.1446  (601s)
step 1570  train 3.6400  (603s)
step 1580  train 3.8049  (606s)
step 1590  train 4.1453  (609s)
step 1600  train 6.4390  (612s)
step 1600  val 4.3460
step 1610  train 3.7026  (624s)
step 1620  train 2.6254  (627s)
step 1630  train 6.7088  (630s)
step 1640  train 3.5283  (633s)
step 1650  train 7.2745  (635s)
step 1660  train 3.5082  (638s)
step 1670  train 6.6521  (641s)
step 1680  train 2.9712  (643s)
step 1690  train 6.3702  (646s)
step 1700  train 2.7861  (649s)
step 1700  val 4.3240
step 1710  train 2.1577  (662s)
step 1720  train 2.5510  (664s)
step 1730  train 3.2359  (667s)
step 1740  train 3.3399  (670s)
step 1750  train 6.0174  (673s)
step 1760  train 4.0663  (676s)
step 1770  train 2.0693  (678s)
step 1780  train 1.6390  (681s)
step 1790  train 6.0828  (684s)
step 1800  train 6.5460  (687s)
step 1800  val 4.2082
step 1810  train 6.5421  (699s)
step 1820  train 1.8247  (702s)
step 1830  train 4.2259  (705s)
step 1840  train 2.6687  (708s)
step 1850  train 3.3348  (711s)
step 1860  train 2.7785  (713s)
step 1870  train 7.1764  (716s)
step 1880  train 6.3884  (719s)
step 1890  train 0.6294  (721s)
step 1900  train 4.3671  (724s)
step 1900  val 4.1639
step 1910  train 2.3713  (737s)
step 1920  train 3.7397  (740s)
step 1930  train 5.2203  (743s)
step 1940  train 3.8625  (745s)
step 1950  train 1.6657  (748s)
step 1960  train 6.3638  (751s)
step 1970  train 3.5332  (754s)
step 1980  train 5.8276  (757s)
step 1990  train 4.7328  (759s)
step 2000  train 4.8127  (762s)
step 2000  val 4.0925
step 2010  train 1.3279  (775s)
step 2020  train 3.6872  (779s)
step 2030  train 5.4335  (782s)
step 2040  train 6.8921  (785s)
step 2050  train 2.3881  (788s)
step 2060  train 6.4576  (791s)
step 2070  train 3.5730  (794s)
step 2080  train 2.5170  (797s)
step 2090  train 2.8256  (799s)
step 2100  train 2.3079  (802s)
step 2100  val 4.0379
step 2110  train 6.2895  (815s)
step 2120  train 5.8024  (818s)
step 2130  train 0.4373  (821s)
step 2140  train 3.2538  (824s)
step 2150  train 6.3787  (827s)
step 2160  train 5.2234  (830s)
step 2170  train 3.1737  (833s)
step 2180  train 3.5305  (836s)
step 2190  train 3.4284  (839s)
step 2200  train 3.7351  (842s)
step 2200  val 4.0192
step 2210  train 3.1062  (854s)
step 2220  train 3.6625  (857s)
step 2230  train 2.5598  (860s)
step 2240  train 2.7103  (863s)
step 2250  train 1.4279  (866s)
step 2260  train 2.0885  (868s)
step 2270  train 3.0604  (871s)
step 2280  train 0.3792  (874s)
step 2290  train 3.6217  (876s)
step 2300  train 5.8329  (879s)
step 2300  val 3.9293
step 2310  train 5.0201  (892s)
step 2320  train 3.3015  (895s)
step 2330  train 5.0243  (898s)
step 2340  train 5.5092  (900s)
step 2350  train 3.2917  (903s)
step 2360  train 2.6111  (906s)
step 2370  train 4.5554  (909s)
step 2380  train 5.7053  (912s)
step 2390  train 2.7498  (914s)
step 2400  train 4.7417  (917s)
step 2400  val 3.8812
step 2410  train 5.3372  (930s)
step 2420  train 5.1569  (933s)
step 2430  train 6.8085  (936s)
step 2440  train 6.4341  (939s)
step 2450  train 3.1761  (942s)
step 2460  train 2.4247  (944s)
step 2470  train 5.7030  (947s)
step 2480  train 3.4931  (950s)
step 2490  train 2.0363  (952s)
step 2500  train 2.3177  (955s)
step 2500  val 3.8539
step 2510  train 2.4396  (968s)
step 2520  train 0.4389  (971s)
step 2530  train 2.7048  (974s)
step 2540  train 3.6989  (977s)
step 2550  train 6.4475  (980s)
step 2560  train 5.3852  (982s)
step 2570  train 0.9389  (985s)
step 2580  train 3.0946  (988s)
step 2590  train 3.2683  (991s)
step 2600  train 2.0308  (994s)
step 2600  val 3.8036
step 2610  train 6.5281  (1007s)
step 2620  train 4.4905  (1010s)
step 2630  train 2.3601  (1013s)
step 2640  train 6.5912  (1016s)
step 2650  train 4.8985  (1018s)
step 2660  train 3.7436  (1021s)
step 2670  train 6.5163  (1024s)
step 2680  train 3.3329  (1027s)
step 2690  train 0.3434  (1030s)
step 2700  train 3.2192  (1033s)
step 2700  val 3.7420
done in 1043s | 2700 training steps, skipped 0 over 300 tokens | val 12.4114 -> 3.7420
